// Jest Snapshot v1, https://goo.gl/fbAQLP

exports[`should render ExpenseListItem 1`] = `
<Link
  className="list-item"
  replace={false}
  to="/edit/6c12-uId-0071"
>
  <div>
    <h3
      className="list-item__title"
    >
      Rent
    </h3>
    <span
      className="list-item__sub-title"
    >
      28th December, 1969
    </span>
  </div>
  <h3
    className="list-item__data"
  >
    $1,095.00
  </h3>
</Link>
`;
